// Jest Snapshot v1, https://goo.gl/fbAQLP

exports[`NewsList should render correctly 1`] = `
<Fragment>
  <styled.div>
    <Link
      to="/newss/new"
    >
      Add New News
      <ForwardRef(PlusCircleOutlined) />
    </Link>
    <Search
      onChange={[Function]}
    />
  </styled.div>
  <styled.div>
    <Styled(Table)
      bordered={true}
      columns={
        Array [
          Object {
            "dataIndex": "id",
            "key": "id",
            "title": "Id",
          },
          Object {
            "dataIndex": "name",
            "key": "name",
            "title": "Name",
            "width": "50%",
          },
          Object {
            "dataIndex": "age",
            "key": "age",
            "title": "Age",
          },
          Object {
            "dataIndex": "angular",
            "key": "angular",
            "title": "Angular",
          },
          Object {
            "dataIndex": "actions",
            "key": "actions",
            "render": [Function],
            "title": "Action",
          },
        ]
      }
      dataSource={
        Array [
          Object {
            "age": 32,
            "angular": "male",
            "createdAt": "2020-07-12T05:00:55.954Z",
            "id": 1,
            "name": "SUkanta Mangal",
            "updatedAt": "2020-07-12T05:05:07.467Z",
          },
        ]
      }
      onRow={[Function]}
      pagination={false}
      rowKey="id"
    />
  </styled.div>
</Fragment>
`;

exports[`MyComponent should render correctly in "debug" mode 1`] = `
<Fragment>
  <styled.div>
    <Link
      to="/newss/new"
    >
      Add New News
      <ForwardRef(PlusCircleOutlined) />
    </Link>
    <Search
      onChange={[Function]}
    />
  </styled.div>
  <styled.div>
    <Styled(Table)
      bordered={true}
      columns={
        Array [
          Object {
            "dataIndex": "id",
            "key": "id",
            "title": "Id",
          },
          Object {
            "dataIndex": "name",
            "key": "name",
            "title": "Name",
            "width": "50%",
          },
          Object {
            "dataIndex": "age",
            "key": "age",
            "title": "Age",
          },
          Object {
            "dataIndex": "angular",
            "key": "angular",
            "title": "Angular",
          },
          Object {
            "dataIndex": "actions",
            "key": "actions",
            "render": [Function],
            "title": "Action",
          },
        ]
      }
      dataSource={
        Array [
          Object {
            "age": 32,
            "angular": "male",
            "createdAt": "2020-07-12T05:00:55.954Z",
            "id": 1,
            "name": "SUkanta Mangal",
            "updatedAt": "2020-07-12T05:05:07.467Z",
          },
        ]
      }
      onRow={[Function]}
      pagination={false}
      rowKey="id"
    />
  </styled.div>
</Fragment>
`;
